./SwitchMatrix.cpp
./Param.cpp
./NewSwitchMatrix.cpp
./MultilevelSAEncoder.cpp
./Bus.cpp
./CurrentSenseAmp.cpp
./DFF.cpp
./FunctionUnit.cpp
./ReadCircuit.cpp
./DeMux.cpp
./Adder.cpp
./main.cpp
./Mux.cpp
./VoltageSenseAmp.cpp
./Technology.cpp
./DecoderDriver.cpp
./SramNewSA.cpp
./SRAMWriteDriver.cpp
./formula.cpp
./RowDecoder.cpp
./WLDecoderOutput.cpp
./Precharger.cpp
./ShiftAdd.cpp
./MultilevelSenseAmp.cpp
./SenseAmp.cpp
./MaxPooling.cpp
./AdderTree.cpp
./NewMux.cpp
./Comparator.cpp
./BitShifter.cpp
./WLNewDecoderDriver.cpp
./Tile.cpp
./HTree.cpp
./ProcessingUnit.cpp
./Buffer.cpp
./Chip.cpp
./SubArray.cpp
./Sigmoid.cpp
./constant.h
./SubArray.h
./Mux.h
./DFF.h
./AdderTree.h
./DecoderDriver.h
./formula.h
./FunctionUnit.h
./VoltageSenseAmp.h
./Tile.h
./Sigmoid.h
./SRAMWriteDriver.h
./BitShifter.h
./Definition.h
./WLDecoderOutput.h
./ShiftAdd.h
./ProcessingUnit.h
./NewMux.h
./MemCell.h
./Param.h
./Buffer.h
./NewSwitchMatrix.h
./ReadCircuit.h
./Chip.h
./InputParameter.h
./typedef.h
./Technology.h
./SwitchMatrix.h
./Bus.h
./Precharger.h
./HTree.h
./WLNewDecoderDriver.h
./SenseAmp.h
./Adder.h
./CurrentSenseAmp.h
./MaxPooling.h
./MultilevelSenseAmp.h
./DeMux.h
./SramNewSA.h
./MultilevelSAEncoder.h
./RowDecoder.h
./Comparator.h
